// Jest Snapshot v1, https://goo.gl/fbAQLP

exports[`Character form component renders CharacterForm 1`] = `
<DocumentFragment>
  <div>
    <form
      class="postCharacter"
    >
      <label
        for="name"
      >
        Name
      </label>
      <input
        id="name"
        name="name"
        type="text"
        value="Dwight"
      />
      <label
        for="position"
      >
        position
      </label>
      <input
        id="position"
        name="position"
        type="text"
        value="Assistant to the Regional Manager"
      />
      <label
        for="quote"
      >
        Quote
      </label>
      <input
        id="quote"
        name="quote"
        type="text"
        value="Identity theft is not a joke Jim!"
      />
      <label
        for="imageUrl"
      >
        Image Url
      </label>
      <input
        id="imageUrl"
        name="imageUrl"
        type="text"
        value="https://upload.wikimedia.org/wikipedia/en/c/cd/Dwight_Schrute.jpg"
      />
      <label
        for="favoriteDessert"
      >
        Favorite Dessert
      </label>
      <input
        id="favoriteDessert"
        name="favoriteDessert"
        type="text"
        value="Can of Pickled Beets from his survivor shelter"
      />
      <button
        data-testid="formButton"
      >
        Add Character
      </button>
    </form>
  </div>
</DocumentFragment>
`;
